
> frontend@0.1.0 test /Users/vishal/projects/personal/library-app/frontend
> jest

FAIL __tests__/components/Navbar.test.js
  ● Navbar Component › renders all main navigation links

    TestingLibraryElementError: Found multiple elements with the text: Dashboard

    Here are the matching elements:

    Ignored nodes: comments, script, style
    [36m<a[39m
      [33mclass[39m=[32m"active"[39m
      [33mhref[39m=[32m"/"[39m
    [36m>[39m
      [0mDashboard[0m
    [36m</a>[39m

    Ignored nodes: comments, script, style
    [36m<a[39m
      [33mclass[39m=[32m"active"[39m
      [33mhref[39m=[32m"/"[39m
    [36m>[39m
      [0mDashboard[0m
    [36m</a>[39m

    (If this is intentional, then use the `*AllBy*` variant of the query (like `queryAllByText`, `getAllByText`, or `findAllByText`)).

    Ignored nodes: comments, script, style
    [36m<body>[39m
      [36m<div>[39m
        [36m<header>[39m
          [36m<nav[39m
            [33mclass[39m=[32m"navbar"[39m
          [36m>[39m
            [36m<div[39m
              [33mclass[39m=[32m"navbar-inner"[39m
            [36m>[39m
              [36m<a[39m
                [33mclass[39m=[32m"navbar-brand"[39m
                [33mhref[39m=[32m"/"[39m
              [36m>[39m
                [36m<span>[39m
                  [0m📚[0m
                [36m</span>[39m
                [0m LibraryManager[0m
              [36m</a>[39m
              [36m<ul[39m
                [33mclass[39m=[32m"navbar-links"[39m
              [36m>[39m
                [36m<li>[39m
                  [36m<a[39m
                    [33mclass[39m=[32m"active"[39m
                    [33mhref[39m=[32m"/"[39m
                  [36m>[39m
                    [0mDashboard[0m
                  [36m</a>[39m
                [36m</li>[39m
                [36m<li>[39m
                  [36m<a[39m
                    [33mclass[39m=[32m""[39m
                    [33mhref[39m=[32m"/books"[39m
                  [36m>[39m
                    [0mBooks[0m
                  [36m</a>[39m
                [36m</li>[39m
                [36m<li>[39m
                  [36m<a[39m
                    [33mclass[39m=[32m""[39m
                    [33mhref[39m=[32m"/members"[39m
                  [36m>[39m
                    [0mMembers[0m
                  [36m</a>[39m
                [36m</li>[39m
                [36m<li>[39m
                  [36m<a[39m
                    [33mclass[39m=[32m""[39m
                    [33mhref[39m=[32m"/issue"[39m
                  [36m>[39m
                    [0mIssue[0m
                  [36m</a>[39m
                [36m</li>[39m
                [36m<li>[39m
                  [36m<a[39m
                    [33mclass[39m=[32m""[39m
                    [33mhref[39m=[32m"/fine"[39m
                  [36m>[39m
                    [0mFines[0m
                  [36m</a>[39m
                [36m</li>[39m
                [36m<li>[39m
                  [36m<a[39m
                    [33mclass[39m=[32m""[39m
                    [33mhref[39m=[32m"/staff"[39m
                  [36m>[39m
                    [0mStaff[0m
                  [36m</a>[39m
                [36m</li>[39m
              [36m</ul>[39m
              [36m<button[39m
                [33maria-label[39m=[32m"Toggle menu"[39m
                [33mclass[39m=[32m"hamburger-btn"[39m
              [36m>[39m
                [36m<span />[39m
                [36m<span />[39m
                [36m<span />[39m
              [36m</button>[39m
            [36m</div>[39m
          [36m</nav>[39m
          [36m<div[39m
            [33mclass[39m=[32m"mobile-menu "[39m
          [36m>[39m
            [36m<a[39m
              [33mclass[39m=[32m"active"[39m
              [33mhref[39m=[32m"/"[39m
            [36m>[39m
              [0mDashboard[0m
            [36m</a>[39m
            [36m<a[39m
              [33mclass[39m=[32m""[39m
              [33mhref[39m=[32m"/books"[39m
            [36m>[39m
              [0mBooks[0m
            [36m</a>[39m
            [36m<a[39m
              [33mclass[39m=[32m""[39m
              [33mhref[39m=[32m"/members"[39m
            [36m>[39m
              [0mMembers[0m
            [36m</a>[39m
            [36m<a[39m
              [33mclass[39m=[32m""[39m
              [33mhref[39m=[32m"/issue"[39m
            [36m>[39m
              [0mIssue[0m
            [36m</a>[39m
            [36m<a[39m
              [33mclass[39m=[32m""[39m
              [33mhref[39m=[32m"/fine"[39m
            [36m>[39m
              [0mFines[0m
            [36m</a>[39m
            [36m<a[39m
              [33mclass[39m=[32m""[39m
              [33mhref[39m=[32m"/staff"[39m
            [36m>[39m
              [0mStaff[0m
            [36m</a>[39m
          [36m</div>[39m
        [36m</header>[39m
      [36m</div>[39m
    [36m</body>[39m

       6 |     render(<Navbar />);
       7 |     
    >  8 |     expect(screen.getByText('Dashboard')).toBeInTheDocument();
         |                   ^
       9 |     expect(screen.getByText('Books')).toBeInTheDocument();
      10 |     expect(screen.getByText('Members')).toBeInTheDocument();
      11 |     expect(screen.getByText('Issue Book')).toBeInTheDocument();

      at Object.getElementError (node_modules/.pnpm/@testing-library+dom@10.4.1/node_modules/@testing-library/dom/dist/config.js:37:19)
      at getElementError (node_modules/.pnpm/@testing-library+dom@10.4.1/node_modules/@testing-library/dom/dist/query-helpers.js:20:35)
      at getMultipleElementsFoundError (node_modules/.pnpm/@testing-library+dom@10.4.1/node_modules/@testing-library/dom/dist/query-helpers.js:23:10)
      at node_modules/.pnpm/@testing-library+dom@10.4.1/node_modules/@testing-library/dom/dist/query-helpers.js:55:13
      at node_modules/.pnpm/@testing-library+dom@10.4.1/node_modules/@testing-library/dom/dist/query-helpers.js:95:19
      at Object.getByText (__tests__/components/Navbar.test.js:8:19)

PASS __tests__/pages/staff.test.js
  ● Console

    console.error
      Each child in a list should have a unique "key" prop.
      
      Check the render method of `Staff`. See https://react.dev/link/warning-keys for more information.

      at node_modules/.pnpm/react-dom@19.2.4_react@19.2.4/node_modules/react-dom/cjs/react-dom-client.development.js:26084:21
      at runWithFiberInDEV (node_modules/.pnpm/react-dom@19.2.4_react@19.2.4/node_modules/react-dom/cjs/react-dom-client.development.js:874:13)
      at warnForMissingKey (node_modules/.pnpm/react-dom@19.2.4_react@19.2.4/node_modules/react-dom/cjs/react-dom-client.development.js:26083:11)
      at warnOnInvalidKey (node_modules/.pnpm/react-dom@19.2.4_react@19.2.4/node_modules/react-dom/cjs/react-dom-client.development.js:6591:13)
      at reconcileChildrenArray (node_modules/.pnpm/react-dom@19.2.4_react@19.2.4/node_modules/react-dom/cjs/react-dom-client.development.js:6645:23)
      at reconcileChildFibersImpl (node_modules/.pnpm/react-dom@19.2.4_react@19.2.4/node_modules/react-dom/cjs/react-dom-client.development.js:6993:30)
      at node_modules/.pnpm/react-dom@19.2.4_react@19.2.4/node_modules/react-dom/cjs/react-dom-client.development.js:7098:33
      at reconcileChildren (node_modules/.pnpm/react-dom@19.2.4_react@19.2.4/node_modules/react-dom/cjs/react-dom-client.development.js:9702:13)
      at beginWork (node_modules/.pnpm/react-dom@19.2.4_react@19.2.4/node_modules/react-dom/cjs/react-dom-client.development.js:12049:13)
      at runWithFiberInDEV (node_modules/.pnpm/react-dom@19.2.4_react@19.2.4/node_modules/react-dom/cjs/react-dom-client.development.js:874:13)
      at performUnitOfWork (node_modules/.pnpm/react-dom@19.2.4_react@19.2.4/node_modules/react-dom/cjs/react-dom-client.development.js:17641:22)
      at workLoopSync (node_modules/.pnpm/react-dom@19.2.4_react@19.2.4/node_modules/react-dom/cjs/react-dom-client.development.js:17469:41)
      at renderRootSync (node_modules/.pnpm/react-dom@19.2.4_react@19.2.4/node_modules/react-dom/cjs/react-dom-client.development.js:17450:11)
      at performWorkOnRoot (node_modules/.pnpm/react-dom@19.2.4_react@19.2.4/node_modules/react-dom/cjs/react-dom-client.development.js:16504:11)
      at performWorkOnRootViaSchedulerTask (node_modules/.pnpm/react-dom@19.2.4_react@19.2.4/node_modules/react-dom/cjs/react-dom-client.development.js:18957:7)
      at performWorkUntilDeadline (node_modules/.pnpm/scheduler@0.27.0/node_modules/scheduler/cjs/scheduler.development.js:45:48)
      at Timeout.task [as _onTimeout] (node_modules/.pnpm/jsdom@26.1.0/node_modules/jsdom/lib/jsdom/browser/Window.js:579:19)

FAIL __tests__/pages/books.test.js
  ● Console

    console.error
      An update to Books inside a test was not wrapped in act(...).
      
      When testing, code that causes React state updates should be wrapped into act(...):
      
      act(() => {
        /* fire events that update state */
      });
      /* assert on the output */
      
      This ensures that you're testing the behavior the user would see in the browser. Learn more at https://react.dev/link/wrap-tests-with-act

      25 |         try {
      26 |             const res = await getBooks();
    > 27 |             setBooks(res.data || []);
         |             ^
      28 |         } catch (e) { console.error(e); }
      29 |         finally { setLoading(false); }
      30 |     };

      at node_modules/.pnpm/react-dom@19.2.4_react@19.2.4/node_modules/react-dom/cjs/react-dom-client.development.js:18758:19
      at runWithFiberInDEV (node_modules/.pnpm/react-dom@19.2.4_react@19.2.4/node_modules/react-dom/cjs/react-dom-client.development.js:874:13)
      at warnIfUpdatesNotWrappedWithActDEV (node_modules/.pnpm/react-dom@19.2.4_react@19.2.4/node_modules/react-dom/cjs/react-dom-client.development.js:18757:9)
      at scheduleUpdateOnFiber (node_modules/.pnpm/react-dom@19.2.4_react@19.2.4/node_modules/react-dom/cjs/react-dom-client.development.js:16409:11)
      at dispatchSetStateInternal (node_modules/.pnpm/react-dom@19.2.4_react@19.2.4/node_modules/react-dom/cjs/react-dom-client.development.js:9170:13)
      at dispatchSetState (node_modules/.pnpm/react-dom@19.2.4_react@19.2.4/node_modules/react-dom/cjs/react-dom-client.development.js:9127:7)
      at setBooks (app/books/page.js:27:13)

    console.error
      An update to Books inside a test was not wrapped in act(...).
      
      When testing, code that causes React state updates should be wrapped into act(...):
      
      act(() => {
        /* fire events that update state */
      });
      /* assert on the output */
      
      This ensures that you're testing the behavior the user would see in the browser. Learn more at https://react.dev/link/wrap-tests-with-act

      27 |             setBooks(res.data || []);
      28 |         } catch (e) { console.error(e); }
    > 29 |         finally { setLoading(false); }
         |                   ^
      30 |     };
      31 |
      32 |     useEffect(() => { fetchBooks(); }, []);

      at node_modules/.pnpm/react-dom@19.2.4_react@19.2.4/node_modules/react-dom/cjs/react-dom-client.development.js:18758:19
      at runWithFiberInDEV (node_modules/.pnpm/react-dom@19.2.4_react@19.2.4/node_modules/react-dom/cjs/react-dom-client.development.js:874:13)
      at warnIfUpdatesNotWrappedWithActDEV (node_modules/.pnpm/react-dom@19.2.4_react@19.2.4/node_modules/react-dom/cjs/react-dom-client.development.js:18757:9)
      at scheduleUpdateOnFiber (node_modules/.pnpm/react-dom@19.2.4_react@19.2.4/node_modules/react-dom/cjs/react-dom-client.development.js:16409:11)
      at dispatchSetStateInternal (node_modules/.pnpm/react-dom@19.2.4_react@19.2.4/node_modules/react-dom/cjs/react-dom-client.development.js:9170:13)
      at dispatchSetState (node_modules/.pnpm/react-dom@19.2.4_react@19.2.4/node_modules/react-dom/cjs/react-dom-client.development.js:9127:7)
      at setLoading (app/books/page.js:29:19)

  ● Books Page › opens add book modal and submits form

    TestingLibraryElementError: Unable to find an element with the text: Add New Book. This could be because the text is broken up by multiple elements. In this case, you can provide a function for your text matcher to make your matcher more flexible.

    Ignored nodes: comments, script, style
    [36m<body>[39m
      [36m<div>[39m
        [36m<div[39m
          [33mclass[39m=[32m"page-wrapper"[39m
        [36m>[39m
          [36m<header>[39m
            [36m<nav[39m
              [33mclass[39m=[32m"navbar"[39m
            [36m>[39m
              [36m<div[39m
                [33mclass[39m=[32m"navbar-inner"[39m
              [36m>[39m
                [36m<a[39m
                  [33mclass[39m=[32m"navbar-brand"[39m
                  [33mhref[39m=[32m"/"[39m
                [36m>[39m
                  [36m<span>[39m
                    [0m📚[0m
                  [36m</span>[39m
                  [0m LibraryManager[0m
                [36m</a>[39m
                [36m<ul[39m
                  [33mclass[39m=[32m"navbar-links"[39m
                [36m>[39m
                  [36m<li>[39m
                    [36m<a[39m
                      [33mclass[39m=[32m"active"[39m
                      [33mhref[39m=[32m"/"[39m
                    [36m>[39m
                      [0mDashboard[0m
                    [36m</a>[39m
                  [36m</li>[39m
                  [36m<li>[39m
                    [36m<a[39m
                      [33mclass[39m=[32m""[39m
                      [33mhref[39m=[32m"/books"[39m
                    [36m>[39m
                      [0mBooks[0m
                    [36m</a>[39m
                  [36m</li>[39m
                  [36m<li>[39m
                    [36m<a[39m
                      [33mclass[39m=[32m""[39m
                      [33mhref[39m=[32m"/members"[39m
                    [36m>[39m
                      [0mMembers[0m
                    [36m</a>[39m
                  [36m</li>[39m
                  [36m<li>[39m
                    [36m<a[39m
                      [33mclass[39m=[32m""[39m
                      [33mhref[39m=[32m"/issue"[39m
                    [36m>[39m
                      [0mIssue[0m
                    [36m</a>[39m
                  [36m</li>[39m
                  [36m<li>[39m
                    [36m<a[39m
                      [33mclass[39m=[32m""[39m
                      [33mhref[39m=[32m"/fine"[39m
                    [36m>[39m
                      [0mFines[0m
                    [36m</a>[39m
                  [36m</li>[39m
                  [36m<li>[39m
                    [36m<a[39m
                      [33mclass[39m=[32m""[39m
                      [33mhref[39m=[32m"/staff"[39m
                    [36m>[39m
                      [0mStaff[0m
                    [36m</a>[39m
                  [36m</li>[39m
                [36m</ul>[39m
                [36m<button[39m
                  [33maria-label[39m=[32m"Toggle menu"[39m
                  [33mclass[39m=[32m"hamburger-btn"[39m
                [36m>[39m
                  [36m<span />[39m
                  [36m<span />[39m
                  [36m<span />[39m
                [36m</button>[39m
              [36m</div>[39m
            [36m</nav>[39m
            [36m<div[39m
              [33mclass[39m=[32m"mobile-menu "[39m
            [36m>[39m
              [36m<a[39m
                [33mclass[39m=[32m"active"[39m
                [33mhref[39m=[32m"/"[39m
              [36m>[39m
                [0mDashboard[0m
              [36m</a>[39m
              [36m<a[39m
                [33mclass[39m=[32m""[39m
                [33mhref[39m=[32m"/books"[39m
              [36m>[39m
                [0mBooks[0m
              [36m</a>[39m
              [36m<a[39m
                [33mclass[39m=[32m""[39m
                [33mhref[39m=[32m"/members"[39m
              [36m>[39m
                [0mMembers[0m
              [36m</a>[39m
              [36m<a[39m
                [33mclass[39m=[32m""[39m
                [33mhref[39m=[32m"/issue"[39m
              [36m>[39m
                [0mIssue[0m
              [36m</a>[39m
              [36m<a[39m
                [33mclass[39m=[32m""[39m
                [33mhref[39m=[32m"/fine"[39m
              [36m>[39m
                [0mFines[0m
              [36m</a>[39m
              [36m<a[39m
                [33mclass[39m=[32m""[39m
                [33mhref[39m=[32m"/staff"[39m
              [36m>[39m
                [0mStaff[0m
              [36m</a>[39m
            [36m</div>[39m
          [36m</header>[39m
          [36m<main[39m
            [33mclass[39m=[32m"page-main"[39m
          [36m>[39m
            [36m<div[39m
              [33mclass[39m=[32m"page-header"[39m
            [36m>[39m
              [36m<div>[39m
                [36m<h1>[39m
                  [0mBook Catalog[0m
                [36m</h1>[39m
                [36m<p>[39m
                  [0mManage all books available in your library.[0m
                [36m</p>[39m
              [36m</div>[39m
              [36m<button[39m
                [33mclass[39m=[32m"btn-primary"[39m
              [36m>[39m
                [0m+ Add New Book[0m
              [36m</button>[39m
            [36m</div>[39m
            [36m<div[39m
              [33mclass[39m=[32m"search-bar"[39m
            [36m>[39m
              [36m<input[39m
                [33mplaceholder[39m=[32m"Search by title or ISBN..."[39m
                [33mvalue[39m=[32m""[39m
              [36m/>[39m
            [36m</div>[39m
            [36m<div[39m
              [33mclass[39m=[32m"card"[39m
            [36m>[39m
              [36m<div[39m
                [33mclass[39m=[32m"card-header"[39m
              [36m>[39m
                [36m<h2>[39m
                  [0mAll Books[0m
                [36m</h2>[39m
                [36m<span[39m
                  [33mstyle[39m=[32m"font-size: 0.8rem; color: rgb(107, 114, 128);"[39m
                [36m>[39m
                  [0m0[0m
                  [0m records[0m
                [36m</span>[39m
              [36m</div>[39m
              [36m<div[39m
                [33mclass[39m=[32m"table-responsive"[39m
              [36m>[39m
                [36m<table>[39m
                  [36m<thead>[39m
                    [36m<tr>[39m
                      [36m<th>[39m
                        [0mTitle[0m
                      [36m</th>[39m
                      [36m<th>[39m
                        [0mISBN[0m
                      [36m</th>[39m
                      [36m<th[39m
                        [33mclass[39m=[32m"hide-mobile"[39m
                      [36m>[39m
                        [0mCategory[0m
                      [36m</th>[39m
                      [36m<th[39m
                        [33mclass[39m=[32m"hide-mobile"[39m
                      [36m>[39m
                        [0mPublisher[0m
                      [36m</th>[39m
                      [36m<th[39m
                        [33mclass[39m=[32m"hide-mobile"[39m
                      [36m>[39m
                        [0mLocation[0m
                      [36m</th>[39m
                      [36m<th>[39m
                        [0mCopies[0m
                      [36m</th>[39m
                      [36m<th[39m
                        [33mstyle[39m=[32m"text-align: right;"[39m
                      [36m>[39m
                        [0mActions[0m
                      [36m</th>[39m
                    [36m</tr>[39m
                  [36m</thead>[39m
                  [36m<tbody>[39m
                    [36m<tr>[39m
                      [36m<td[39m
                        [33mclass[39m=[32m"table-empty"[39m
                        [33mcolspan[39m=[32m"7"[39m
                      [36m>[39m
                        [0mLoading...[0m
                      [36m</td>[39m
                    [36m</tr>[39m
                  [36m</tbody>[39m
                [36m</table>[39m
              [36m</div>[39m
            [36m</div>[39m
          [36m</main>[39m
          [36m<footer[39m
            [33mclass[39m=[32m"page-footer"[39m
          [36m>[39m
            [0m© [0m
            [0m2026[0m
            [0m Library Management System[0m
          [36m</footer>[39m
        [36m</div>[39m
      [36m</div>[39m
    [36m</body>[39m

      39 |
      40 |     // Click add button
    > 41 |     const addButton = screen.getByText('Add New Book');
         |                              ^
      42 |     fireEvent.click(addButton);
      43 |
      44 |     // Fill form (assuming inputs have placeholder or accessible name, testing title for now)

      at Object.getElementError (node_modules/.pnpm/@testing-library+dom@10.4.1/node_modules/@testing-library/dom/dist/config.js:37:19)
      at node_modules/.pnpm/@testing-library+dom@10.4.1/node_modules/@testing-library/dom/dist/query-helpers.js:76:38
      at node_modules/.pnpm/@testing-library+dom@10.4.1/node_modules/@testing-library/dom/dist/query-helpers.js:52:17
      at node_modules/.pnpm/@testing-library+dom@10.4.1/node_modules/@testing-library/dom/dist/query-helpers.js:95:19
      at Object.getByText (__tests__/pages/books.test.js:41:30)

FAIL __tests__/pages/fine.test.js
  ● Fines Page › pays fine and shows toast

    expect(jest.fn()).toHaveBeenCalledWith(...expected)

    Expected: "Fine marked as paid successfully!"
    Received: "Fine marked as paid!"

    Number of calls: 1

    Ignored nodes: comments, script, style
    [36m<html>[39m
      [36m<head />[39m
      [36m<body>[39m
        [36m<div>[39m
          [36m<div[39m
            [33mclass[39m=[32m"page-wrapper"[39m
          [36m>[39m
            [36m<header>[39m
              [36m<nav[39m
                [33mclass[39m=[32m"navbar"[39m
              [36m>[39m
                [36m<div[39m
                  [33mclass[39m=[32m"navbar-inner"[39m
                [36m>[39m
                  [36m<a[39m
                    [33mclass[39m=[32m"navbar-brand"[39m
                    [33mhref[39m=[32m"/"[39m
                  [36m>[39m
                    [36m<span>[39m
                      [0m📚[0m
                    [36m</span>[39m
                    [0m LibraryManager[0m
                  [36m</a>[39m
                  [36m<ul[39m
                    [33mclass[39m=[32m"navbar-links"[39m
                  [36m>[39m
                    [36m<li>[39m
                      [36m<a[39m
                        [33mclass[39m=[32m"active"[39m
                        [33mhref[39m=[32m"/"[39m
                      [36m>[39m
                        [0mDashboard[0m
                      [36m</a>[39m
                    [36m</li>[39m
                    [36m<li>[39m
                      [36m<a[39m
                        [33mclass[39m=[32m""[39m
                        [33mhref[39m=[32m"/books"[39m
                      [36m>[39m
                        [0mBooks[0m
                      [36m</a>[39m
                    [36m</li>[39m
                    [36m<li>[39m
                      [36m<a[39m
                        [33mclass[39m=[32m""[39m
                        [33mhref[39m=[32m"/members"[39m
                      [36m>[39m
                        [0mMembers[0m
                      [36m</a>[39m
                    [36m</li>[39m
                    [36m<li>[39m
                      [36m<a[39m
                        [33mclass[39m=[32m""[39m
                        [33mhref[39m=[32m"/issue"[39m
                      [36m>[39m
                        [0mIssue[0m
                      [36m</a>[39m
                    [36m</li>[39m
                    [36m<li>[39m
                      [36m<a[39m
                        [33mclass[39m=[32m""[39m
                        [33mhref[39m=[32m"/fine"[39m
                      [36m>[39m
                        [0mFines[0m
                      [36m</a>[39m
                    [36m</li>[39m
                    [36m<li>[39m
                      [36m<a[39m
                        [33mclass[39m=[32m""[39m
                        [33mhref[39m=[32m"/staff"[39m
                      [36m>[39m
                        [0mStaff[0m
                      [36m</a>[39m
                    [36m</li>[39m
                  [36m</ul>[39m
                  [36m<button[39m
                    [33maria-label[39m=[32m"Toggle menu"[39m
                    [33mclass[39m=[32m"hamburger-btn"[39m
                  [36m>[39m
                    [36m<span />[39m
                    [36m<span />[39m
                    [36m<span />[39m
                  [36m</button>[39m
                [36m</div>[39m
              [36m</nav>[39m
              [36m<div[39m
                [33mclass[39m=[32m"mobile-menu "[39m
              [36m>[39m
                [36m<a[39m
                  [33mclass[39m=[32m"active"[39m
                  [33mhref[39m=[32m"/"[39m
                [36m>[39m
                  [0mDashboard[0m
                [36m</a>[39m
                [36m<a[39m
                  [33mclass[39m=[32m""[39m
                  [33mhref[39m=[32m"/books"[39m
                [36m>[39m
                  [0mBooks[0m
                [36m</a>[39m
                [36m<a[39m
                  [33mclass[39m=[32m""[39m
                  [33mhref[39m=[32m"/members"[39m
                [36m>[39m
                  [0mMembers[0m
                [36m</a>[39m
                [36m<a[39m
                  [33mclass[39m=[32m""[39m
                  [33mhref[39m=[32m"/issue"[39m
                [36m>[39m
                  [0mIssue[0m
                [36m</a>[39m
                [36m<a[39m
                  [33mclass[39m=[32m""[39m
                  [33mhref[39m=[32m"/fine"[39m
                [36m>[39m
                  [0mFines[0m
                [36m</a>[39m
                [36m<a[39m
                  [33mclass[39m=[32m""[39m
                  [33mhref[39m=[32m"/staff"[39m
                [36m>[39m
                  [0mStaff[0m
                [36m</a>[39m
              [36m</div>[39m
            [36m</header>[39m
            [36m<main[39m
              [33mclass[39m=[32m"page-main"[39m
            [36m>[39m
              [36m<div[39m
                [33mclass[39m=[32m"page-header"[39m
              [36m>[39m
                [36m<div>[39m
                  [36m<h1>[39m
                    [0mFine Register[0m
                  [36m</h1>[39m
                  [36m<p>[39m
                    [0mCollect and resolve outstanding late return penalties.[0m
                  [36m</p>[39m
                [36m</div>[39m
              [36m</div>[39m
              [36m<div[39m
                [33mclass[39m=[32m"card"[39m
              [36m>[39m
                [36m<div[39m
                  [33mclass[39m=[32m"card-header"[39m
                [36m>[39m
                  [36m<h2>[39m
                    [0mPending Fines[0m
                  [36m</h2>[39m
                  [36m<span[39m
                    [33mstyle[39m=[32m"font-size: 0.8rem; color: rgb(107, 114, 128);"[39m
                  [36m>[39m
                    [0m1[0m
                    [0m outstanding[0m
                  [36m</span>[39m
                [36m</div>[39m
                [36m<div[39m
                  [33mclass[39m=[32m"table-responsive"[39m
                [36m>[39m
                  [36m<table>[39m
                    [36m<thead>[39m
                      [36m<tr>[39m
                        [36m<th>[39m
                          [0mMember[0m
                        [36m</th>[39m
                        [36m<th>[39m
                          [0mIssue Reference[0m
                        [36m</th>[39m
                        [36m<th>[39m
                          [0mAmount[0m
                        [36m</th>[39m
                        [36m<th[39m
                          [33mclass[39m=[32m"hide-mobile"[39m
                        [36m>[39m
                          [0mCreated On[0m
                        [36m</th>[39m
                        [36m<th[39m
                          [33mstyle[39m=[32m"text-align: right;"[39m
                        [36m>[39m
                          [0mAction[0m
                        [36m</th>[39m
                      [36m</tr>[39m
                    [36m</thead>[39m
                    [36m<tbody>[39m
                      [36m<tr>[39m
                        [36m<td>[39m
                          [36m<div[39m
                            [33mclass[39m=[32m"td-primary"[39m
                          [36m/>[39m
                          [36m<div[39m
                            [33mclass[39m=[32m"td-sub"[39m
                          [36m>[39m
                            [0m#[0m
                            [0m • [0m
                          [36m</div>[39m
                        [36m</td>[39m
                        [36m<td>[39m
                          [36m<div[39m
                            [33mclass[39m=[32m"td-primary"[39m
                          [36m/>[39m
                          [36m<div[39m
                            [33mclass[39m=[32m"td-sub"[39m
                          [36m>[39m
                            [0mIssue #[0m
                          [36m</div>[39m
                        [36m</td>[39m
                        [36m<td>[39m
                          [36m<span[39m
                            [33mstyle[39m=[32m"color: rgb(220, 38, 38); font-weight: 700; font-size: 1.1rem;"[39m
                          [36m>[39m
                            [0m₹[0m
                            [0m100[0m
                          [36m</span>[39m
                        [36m</td>[39m
                        [36m<td[39m
                          [33mclass[39m=[32m"hide-mobile"[39m
                        [36m>[39m
                          [0m—[0m
                        [36m</td>[39m
                        [36m<td[39m
                          [33mstyle[39m=[32m"text-align: right;"[39m
                        [36m>[39m
                          [36m<button[39m
                            [33mclass[39m=[32m"btn-primary btn-sm"[39m
                          [36m>[39m
                            [0mMark as Paid[0m
                          [36m</button>[39m
                        [36m</td>[39m
                      [36m</tr>[39m
                    [36m</tbody>[39m
                  [36m</table>[39m
                [36m</div>[39m
              [36m</div>[39m
            [36m</main>[39m
            [36m<footer[39m
              [33mclass[39m=[32m"page-footer"[39m
            [36m>[39m
              [0m© [0m
              [0m2026[0m
              [0m Library Management System[0m
            [36m</footer>[39m
          [36m</div>[39m
        [36m</div>[39m
      [36m</body>[39m
    [36m</html>[39m

      47 |     await waitFor(() => {
      48 |       expect(api.payFine).toHaveBeenCalledWith(2, 100);
    > 49 |       expect(toast.success).toHaveBeenCalledWith('Fine marked as paid successfully!');
         |                             ^
      50 |     });
      51 |   });
      52 | });

      at toHaveBeenCalledWith (__tests__/pages/fine.test.js:49:29)
      at runWithExpensiveErrorDiagnosticsDisabled (node_modules/.pnpm/@testing-library+dom@10.4.1/node_modules/@testing-library/dom/dist/config.js:47:12)
      at checkCallback (node_modules/.pnpm/@testing-library+dom@10.4.1/node_modules/@testing-library/dom/dist/wait-for.js:124:77)
      at checkRealTimersCallback (node_modules/.pnpm/@testing-library+dom@10.4.1/node_modules/@testing-library/dom/dist/wait-for.js:118:16)
      at Timeout.task [as _onTimeout] (node_modules/.pnpm/jsdom@26.1.0/node_modules/jsdom/lib/jsdom/browser/Window.js:579:19)

FAIL __tests__/pages/members.test.js
  ● Members Page › submits a new member

    expect(jest.fn()).toHaveBeenCalled()

    Expected number of calls: >= 1
    Received number of calls:    0

    Ignored nodes: comments, script, style
    [36m<html>[39m
      [36m<head />[39m
      [36m<body>[39m
        [36m<div>[39m
          [36m<div[39m
            [33mclass[39m=[32m"page-wrapper"[39m
          [36m>[39m
            [36m<header>[39m
              [36m<nav[39m
                [33mclass[39m=[32m"navbar"[39m
              [36m>[39m
                [36m<div[39m
                  [33mclass[39m=[32m"navbar-inner"[39m
                [36m>[39m
                  [36m<a[39m
                    [33mclass[39m=[32m"navbar-brand"[39m
                    [33mhref[39m=[32m"/"[39m
                  [36m>[39m
                    [36m<span>[39m
                      [0m📚[0m
                    [36m</span>[39m
                    [0m LibraryManager[0m
                  [36m</a>[39m
                  [36m<ul[39m
                    [33mclass[39m=[32m"navbar-links"[39m
                  [36m>[39m
                    [36m<li>[39m
                      [36m<a[39m
                        [33mclass[39m=[32m"active"[39m
                        [33mhref[39m=[32m"/"[39m
                      [36m>[39m
                        [0mDashboard[0m
                      [36m</a>[39m
                    [36m</li>[39m
                    [36m<li>[39m
                      [36m<a[39m
                        [33mclass[39m=[32m""[39m
                        [33mhref[39m=[32m"/books"[39m
                      [36m>[39m
                        [0mBooks[0m
                      [36m</a>[39m
                    [36m</li>[39m
                    [36m<li>[39m
                      [36m<a[39m
                        [33mclass[39m=[32m""[39m
                        [33mhref[39m=[32m"/members"[39m
                      [36m>[39m
                        [0mMembers[0m
                      [36m</a>[39m
                    [36m</li>[39m
                    [36m<li>[39m
                      [36m<a[39m
                        [33mclass[39m=[32m""[39m
                        [33mhref[39m=[32m"/issue"[39m
                      [36m>[39m
                        [0mIssue[0m
                      [36m</a>[39m
                    [36m</li>[39m
                    [36m<li>[39m
                      [36m<a[39m
                        [33mclass[39m=[32m""[39m
                        [33mhref[39m=[32m"/fine"[39m
                      [36m>[39m
                        [0mFines[0m
                      [36m</a>[39m
                    [36m</li>[39m
                    [36m<li>[39m
                      [36m<a[39m
                        [33mclass[39m=[32m""[39m
                        [33mhref[39m=[32m"/staff"[39m
                      [36m>[39m
                        [0mStaff[0m
                      [36m</a>[39m
                    [36m</li>[39m
                  [36m</ul>[39m
                  [36m<button[39m
                    [33maria-label[39m=[32m"Toggle menu"[39m
                    [33mclass[39m=[32m"hamburger-btn"[39m
                  [36m>[39m
                    [36m<span />[39m
                    [36m<span />[39m
                    [36m<span />[39m
                  [36m</button>[39m
                [36m</div>[39m
              [36m</nav>[39m
              [36m<div[39m
                [33mclass[39m=[32m"mobile-menu "[39m
              [36m>[39m
                [36m<a[39m
                  [33mclass[39m=[32m"active"[39m
                  [33mhref[39m=[32m"/"[39m
                [36m>[39m
                  [0mDashboard[0m
                [36m</a>[39m
                [36m<a[39m
                  [33mclass[39m=[32m""[39m
                  [33mhref[39m=[32m"/books"[39m
                [36m>[39m
                  [0mBooks[0m
                [36m</a>[39m
                [36m<a[39m
                  [33mclass[39m=[32m""[39m
                  [33mhref[39m=[32m"/members"[39m
                [36m>[39m
                  [0mMembers[0m
                [36m</a>[39m
                [36m<a[39m
                  [33mclass[39m=[32m""[39m
                  [33mhref[39m=[32m"/issue"[39m
                [36m>[39m
                  [0mIssue[0m
                [36m</a>[39m
                [36m<a[39m
                  [33mclass[39m=[32m""[39m
                  [33mhref[39m=[32m"/fine"[39m
                [36m>[39m
                  [0mFines[0m
                [36m</a>[39m
                [36m<a[39m
                  [33mclass[39m=[32m""[39m
                  [33mhref[39m=[32m"/staff"[39m
                [36m>[39m
                  [0mStaff[0m
                [36m</a>[39m
              [36m</div>[39m
            [36m</header>[39m
            [36m<main[39m
              [33mclass[39m=[32m"page-main"[39m
            [36m>[39m
              [36m<div[39m
                [33mclass[39m=[32m"page-header"[39m
              [36m>[39m
                [36m<div>[39m
                  [36m<h1>[39m
                    [0mMember Directory[0m
                  [36m</h1>[39m
                  [36m<p>[39m
                    [0mManage all library patron accounts and memberships.[0m
                  [36m</p>[39m
                [36m</div>[39m
                [36m<button[39m
                  [33mclass[39m=[32m"btn-primary"[39m
                [36m>[39m
                  [0m✕ Close Form[0m
                [36m</button>[39m
              [36m</div>[39m
              [36m<div[39m
                [33mclass[39m=[32m"card"[39m
                [33mstyle[39m=[32m"margin-bottom: 1.5rem; border-top: 3px solid rgb(37, 99, 235);"[39m
              [36m>[39m
                [36m<div[39m
                  [33mclass[39m=[32m"card-header"[39m
                [36m>[39m
                  [36m<h2>[39m
                    [0mRegister New Member[0m
                  [36m</h2>[39m
                [36m</div>[39m
                [36m<div[39m
                  [33mclass[39m=[32m"card-body"[39m
                [36m>[39m
                  [36m<div[39m
                    [33mclass[39m=[32m"form-grid"[39m
                  [36m>[39m
                    [36m<div[39m
                      [33mclass[39m=[32m"form-group"[39m
                    [36m>[39m
                      [36m<label>[39m
                        [0mFirst Name *[0m
                      [36m</label>[39m
                      [36m<input[39m
                        [33mplaceholder[39m=[32m"John"[39m
                        [33mvalue[39m=[32m""[39m
                      [36m/>[39m
                    [36m</div>[39m
                    [36m<div[39m
                      [33mclass[39m=[32m"form-group"[39m
                    [36m>[39m
                      [36m<label>[39m
                        [0mLast Name *[0m
                      [36m</label>[39m
                      [36m<input[39m
                        [33mplaceholder[39m=[32m"Doe"[39m
                        [33mvalue[39m=[32m""[39m
                      [36m/>[39m
                    [36m</div>[39m
                    [36m<div[39m
                      [33mclass[39m=[32m"form-group span-2"[39m
                    [36m>[39m
                      [36m<label>[39m
                        [0mEmail Address *[0m
                      [36m</label>[39m
                      [36m<input[39m
                        [33mplaceholder[39m=[32m"john@example.com"[39m
                        [33mtype[39m=[32m"email"[39m
                        [33mvalue[39m=[32m""[39m
                      [36m/>[39m
                    [36m</div>[39m
                    [36m<div[39m
                      [33mclass[39m=[32m"form-group"[39m
                    [36m>[39m
                      [36m<label>[39m
                        [0mMobile Number *[0m
                      [36m</label>[39m
                      [36m<input[39m
                        [33mplaceholder[39m=[32m"10-digit number"[39m
                        [33mvalue[39m=[32m""[39m
                      [36m/>[39m
                    [36m</div>[39m
                    [36m<div[39m
                      [33mclass[39m=[32m"form-group"[39m
                    [36m>[39m
                      [36m<label>[39m
                        [0mCity[0m
                      [36m</label>[39m
                      [36m<input[39m
                        [33mplaceholder[39m=[32m"e.g. Mumbai"[39m
                        [33mvalue[39m=[32m""[39m
                      [36m/>[39m
                    [36m</div>[39m
                    [36m<div[39m
                      [33mclass[39m=[32m"form-group"[39m
                    [36m>[39m
                      [36m<label>[39m
                        [0mDate of Birth[0m
                      [36m</label>[39m
                      [36m<input[39m
                        [33mtype[39m=[32m"date"[39m
                        [33mvalue[39m=[32m""[39m
                      [36m/>[39m
                    [36m</div>[39m
                    [36m<div[39m
                      [33mclass[39m=[32m"form-group"[39m
                    [36m>[39m
                      [36m<label>[39m
                        [0mAccount Status[0m
                      [36m</label>[39m
                      [36m<select>[39m
                        [36m<option[39m
                          [33mvalue[39m=[32m"Active"[39m
                        [36m>[39m
                          [0mActive[0m
                        [36m</option>[39m
                        [36m<option[39m
                          [33mvalue[39m=[32m"Inactive"[39m
                        [36m>[39m
                          [0mInactive[0m
                        [36m</option>[39m
                      [36m</select>[39m
                    [36m</div>[39m
                    [36m<div[39m
                      [33mclass[39m=[32m"form-group"[39m
                    [36m>[39m
                      [36m<label>[39m
                        [0mMembership Start[0m
                      [36m</label>[39m
                      [36m<input[39m
                        [33mtype[39m=[32m"date"[39m
                        [33mvalue[39m=[32m"2026-04-21"[39m
                      [36m/>[39m
                    [36m</div>[39m
                    [36m<div[39m
                      [33mclass[39m=[32m"form-group"[39m
                    [36m>[39m
                      [36m<label>[39m
                        [0mMembership Expiry[0m
                      [36m</label>[39m
                      [36m<input[39m
                        [33mtype[39m=[32m"date"[39m
                        [33mvalue[39m=[32m"2027-04-21"[39m
                      [36m/>[39m
                    [36m</div>[39m
                  [36m</div>[39m
                  [36m<div[39m
                    [33mclass[39m=[32m"form-actions"[39m
                  [36m>[39m
                    [36m<button[39m
                      [33mclass[39m=[32m"btn-secondary"[39m
                    [36m>[39m
                      [0mCancel[0m
                    [36m</button>[39m
                    [36m<button[39m
                      [33mclass[39m=[32m"btn-primary"[39m
                    [36m>[39m
                      [0mRegister Member[0m
                    [36m</button>[39m
                  [36m</div>[39m
                [36m</div>[39m
              [36m</div>[39m
              [36m<div[39m
                [33mclass[39m=[32m"search-bar"[39m
              [36m>[39m
                [36m<input[39m
                  [33mplaceholder[39m=[32m"Search by name or email..."[39m
                  [33mvalue[39m=[32m""[39m
                [36m/>[39m
              [36m</div>[39m
              [36m<div[39m
                [33mclass[39m=[32m"card"[39m
              [36m>[39m
                [36m<div[39m
                  [33mclass[39m=[32m"card-header"[39m
                [36m>[39m
                  [36m<h2>[39m
                    [0mAll Members[0m
                  [36m</h2>[39m
                  [36m<span[39m
                    [33mstyle[39m=[32m"font-size: 0.8rem; color: rgb(107, 114, 128);"[39m
                  [36m>[39m
                    [0m0[0m
                    [0m records[0m
                  [36m</span>[39m
                [36m</div>[39m
                [36m<div[39m
                  [33mclass[39m=[32m"table-responsive"[39m
                [36m>[39m
                  [36m<table>[39m
                    [36m<thead>[39m
                      [36m<tr>[39m
                        [36m<th>[39m
                          [0mFull Name[0m
                        [36m</th>[39m
                        [36m<th[39m
                          [33mclass[39m=[32m"hide-mobile"[39m
                        [36m>[39m
                          [0mEmail[0m
                        [36m</th>[39m
                        [36m<th[39m
                          [33mclass[39m=[32m"hide-mobile"[39m
                        [36m>[39m
                          [0mMobile[0m
                        [36m</th>[39m
                        [36m<th[39m
                          [33mclass[39m=[32m"hide-mobile"[39m
                        [36m>[39m
                          [0mCity[0m
                        [36m</th>[39m
                        [36m<th>[39m
                          [0mExpiry[0m
                        [36m</th>[39m
                        [36m<th>[39m
                          [0mStatus[0m
                        [36m</th>[39m
                        [36m<th[39m
                          [33mstyle[39m=[32m"text-align: right;"[39m
                        [36m>[39m
                          [0mActions[0m
                        [36m</th>[39m
                      [36m</tr>[39m
                    [36m</thead>[39m
                    [36m<tbody>[39m
                      [36m<tr>[39m
                        [36m<td[39m
                          [33mclass[39m=[32m"table-empty"[39m
                          [33mcolspan[39m=[32m"7"[39m
                        [36m>[39m
                          [0mNo members found.[0m
                        [36m</td>[39m
                      [36m</tr>[39m
                    [36m</tbody>[39m
                  [36m</table>[39m
                [36m</div>[39m
              [36m</div>[39m
            [36m</main>[39m
            [36m<footer[39m
              [33mclass[39m=[32m"page-footer"[39m
            [36m>[39m
              [0m© [0m
              [0m2026[0m
              [0m Library Management System[0m
            [36m</footer>[39m
          [36m</div>[39m
        [36m</div>[39m
      [36m</body>[39m
    [36m</html>[39m

      38 |
      39 |     await waitFor(() => {
    > 40 |       expect(api.createMember).toHaveBeenCalled();
         |                                ^
      41 |       expect(toast.success).toHaveBeenCalledWith('Member registered successfully!');
      42 |     });
      43 |   });

      at toHaveBeenCalled (__tests__/pages/members.test.js:40:32)
      at runWithExpensiveErrorDiagnosticsDisabled (node_modules/.pnpm/@testing-library+dom@10.4.1/node_modules/@testing-library/dom/dist/config.js:47:12)
      at checkCallback (node_modules/.pnpm/@testing-library+dom@10.4.1/node_modules/@testing-library/dom/dist/wait-for.js:124:77)
      at checkRealTimersCallback (node_modules/.pnpm/@testing-library+dom@10.4.1/node_modules/@testing-library/dom/dist/wait-for.js:118:16)
      at Timeout.task [as _onTimeout] (node_modules/.pnpm/jsdom@26.1.0/node_modules/jsdom/lib/jsdom/browser/Window.js:579:19)

FAIL __tests__/pages/issue.test.js
  ● Issue Page › triggers return book API

    expect(jest.fn()).toHaveBeenCalledWith(...expected)

    Expected: "Book returned successfully. No fine applied."
    Received: "Book returned on time. No fine applied."

    Number of calls: 1

    Ignored nodes: comments, script, style
    [36m<html>[39m
      [36m<head />[39m
      [36m<body>[39m
        [36m<div>[39m
          [36m<div[39m
            [33mclass[39m=[32m"page-wrapper"[39m
          [36m>[39m
            [36m<header>[39m
              [36m<nav[39m
                [33mclass[39m=[32m"navbar"[39m
              [36m>[39m
                [36m<div[39m
                  [33mclass[39m=[32m"navbar-inner"[39m
                [36m>[39m
                  [36m<a[39m
                    [33mclass[39m=[32m"navbar-brand"[39m
                    [33mhref[39m=[32m"/"[39m
                  [36m>[39m
                    [36m<span>[39m
                      [0m📚[0m
                    [36m</span>[39m
                    [0m LibraryManager[0m
                  [36m</a>[39m
                  [36m<ul[39m
                    [33mclass[39m=[32m"navbar-links"[39m
                  [36m>[39m
                    [36m<li>[39m
                      [36m<a[39m
                        [33mclass[39m=[32m"active"[39m
                        [33mhref[39m=[32m"/"[39m
                      [36m>[39m
                        [0mDashboard[0m
                      [36m</a>[39m
                    [36m</li>[39m
                    [36m<li>[39m
                      [36m<a[39m
                        [33mclass[39m=[32m""[39m
                        [33mhref[39m=[32m"/books"[39m
                      [36m>[39m
                        [0mBooks[0m
                      [36m</a>[39m
                    [36m</li>[39m
                    [36m<li>[39m
                      [36m<a[39m
                        [33mclass[39m=[32m""[39m
                        [33mhref[39m=[32m"/members"[39m
                      [36m>[39m
                        [0mMembers[0m
                      [36m</a>[39m
                    [36m</li>[39m
                    [36m<li>[39m
                      [36m<a[39m
                        [33mclass[39m=[32m""[39m
                        [33mhref[39m=[32m"/issue"[39m
                      [36m>[39m
                        [0mIssue[0m
                      [36m</a>[39m
                    [36m</li>[39m
                    [36m<li>[39m
                      [36m<a[39m
                        [33mclass[39m=[32m""[39m
                        [33mhref[39m=[32m"/fine"[39m
                      [36m>[39m
                        [0mFines[0m
                      [36m</a>[39m
                    [36m</li>[39m
                    [36m<li>[39m
                      [36m<a[39m
                        [33mclass[39m=[32m""[39m
                        [33mhref[39m=[32m"/staff"[39m
                      [36m>[39m
                        [0mStaff[0m
                      [36m</a>[39m
                    [36m</li>[39m
                  [36m</ul>[39m
                  [36m<button[39m
                    [33maria-label[39m=[32m"Toggle menu"[39m
                    [33mclass[39m=[32m"hamburger-btn"[39m
                  [36m>[39m
                    [36m<span />[39m
                    [36m<span />[39m
                    [36m<span />[39m
                  [36m</button>[39m
                [36m</div>[39m
              [36m</nav>[39m
              [36m<div[39m
                [33mclass[39m=[32m"mobile-menu "[39m
              [36m>[39m
                [36m<a[39m
                  [33mclass[39m=[32m"active"[39m
                  [33mhref[39m=[32m"/"[39m
                [36m>[39m
                  [0mDashboard[0m
                [36m</a>[39m
                [36m<a[39m
                  [33mclass[39m=[32m""[39m
                  [33mhref[39m=[32m"/books"[39m
                [36m>[39m
                  [0mBooks[0m
                [36m</a>[39m
                [36m<a[39m
                  [33mclass[39m=[32m""[39m
                  [33mhref[39m=[32m"/members"[39m
                [36m>[39m
                  [0mMembers[0m
                [36m</a>[39m
                [36m<a[39m
                  [33mclass[39m=[32m""[39m
                  [33mhref[39m=[32m"/issue"[39m
                [36m>[39m
                  [0mIssue[0m
                [36m</a>[39m
                [36m<a[39m
                  [33mclass[39m=[32m""[39m
                  [33mhref[39m=[32m"/fine"[39m
                [36m>[39m
                  [0mFines[0m
                [36m</a>[39m
                [36m<a[39m
                  [33mclass[39m=[32m""[39m
                  [33mhref[39m=[32m"/staff"[39m
                [36m>[39m
                  [0mStaff[0m
                [36m</a>[39m
              [36m</div>[39m
            [36m</header>[39m
            [36m<main[39m
              [33mclass[39m=[32m"page-main"[39m
            [36m>[39m
              [36m<div[39m
                [33mclass[39m=[32m"page-header"[39m
              [36m>[39m
                [36m<div>[39m
                  [36m<h1>[39m
                    [0mLending Desk[0m
                  [36m</h1>[39m
                  [36m<p>[39m
                    [0mIssue books to members and track active loans.[0m
                  [36m</p>[39m
                [36m</div>[39m
                [36m<button[39m
                  [33mclass[39m=[32m"btn-primary"[39m
                [36m>[39m
                  [0m+ Issue a Book[0m
                [36m</button>[39m
              [36m</div>[39m
              [36m<div[39m
                [33mclass[39m=[32m"card"[39m
              [36m>[39m
                [36m<div[39m
                  [33mclass[39m=[32m"card-header"[39m
                [36m>[39m
                  [36m<h2>[39m
                    [0mActive Loans[0m
                  [36m</h2>[39m
                  [36m<span[39m
                    [33mstyle[39m=[32m"font-size: 0.8rem; color: rgb(107, 114, 128);"[39m
                  [36m>[39m
                    [0m1[0m
                    [0m records[0m
                  [36m</span>[39m
                [36m</div>[39m
                [36m<div[39m
                  [33mclass[39m=[32m"table-responsive"[39m
                [36m>[39m
                  [36m<table>[39m
                    [36m<thead>[39m
                      [36m<tr>[39m
                        [36m<th>[39m
                          [0mBook[0m
                        [36m</th>[39m
                        [36m<th>[39m
                          [0mBorrower[0m
                        [36m</th>[39m
                        [36m<th>[39m
                          [0mIssue Date[0m
                        [36m</th>[39m
                        [36m<th>[39m
                          [0mDue Date[0m
                        [36m</th>[39m
                        [36m<th[39m
                          [33mclass[39m=[32m"hide-mobile"[39m
                        [36m>[39m
                          [0mStatus[0m
                        [36m</th>[39m
                        [36m<th[39m
                          [33mclass[39m=[32m"hide-mobile"[39m
                        [36m>[39m
                          [0mFine[0m
                        [36m</th>[39m
                        [36m<th[39m
                          [33mstyle[39m=[32m"text-align: right;"[39m
                        [36m>[39m
                          [0mActions[0m
                        [36m</th>[39m
                      [36m</tr>[39m
                    [36m</thead>[39m
                    [36m<tbody>[39m
                      [36m<tr>[39m
                        [36m<td>[39m
                          [36m<div[39m
                            [33mclass[39m=[32m"td-primary"[39m
                          [36m>[39m
                            [0m1984[0m
                          [36m</div>[39m
                          [36m<div[39m
                            [33mclass[39m=[32m"td-sub"[39m
                          [36m>[39m
                            [0mID #[0m
                          [36m</div>[39m
                        [36m</td>[39m
                        [36m<td>[39m
                          [36m<div[39m
                            [33mclass[39m=[32m"td-primary"[39m
                          [36m>[39m
                            [0mMember #undefined[0m
                          [36m</div>[39m
                          [36m<div[39m
                            [33mclass[39m=[32m"td-sub"[39m
                          [36m>[39m
                            [0mID #[0m
                          [36m</div>[39m
                        [36m</td>[39m
                        [36m<td>[39m
                          [0mInvalid Date[0m
                        [36m</td>[39m
                        [36m<td[39m
                          [33mstyle[39m=[32m"color: inherit; font-weight: normal;"[39m
                        [36m>[39m
                          [0mInvalid Date[0m
                        [36m</td>[39m
                        [36m<td[39m
                          [33mclass[39m=[32m"hide-mobile"[39m
                        [36m>[39m
                          [36m<span[39m
                            [33mclass[39m=[32m"badge badge-blue"[39m
                          [36m>[39m
                            [0mActive[0m
                          [36m</span>[39m
                        [36m</td>[39m
                        [36m<td[39m
                          [33mclass[39m=[32m"hide-mobile"[39m
                        [36m>[39m
                          [0m—[0m
                        [36m</td>[39m
                        [36m<td[39m
                          [33mstyle[39m=[32m"text-align: right;"[39m
                        [36m>[39m
                          [36m<div[39m
                            [33mclass[39m=[32m"actions"[39m
                            [33mstyle[39m=[32m"justify-content: flex-end;"[39m
                          [36m>[39m
                            [36m<button[39m
                              [33mclass[39m=[32m"btn-success btn-sm"[39m
                            [36m>[39m
                              [0mReturn[0m
                            [36m</button>[39m
                            [36m<button[39m
                              [33mclass[39m=[32m"btn-secondary btn-sm"[39m
                            [36m>[39m
                              [0mEdit[0m
                            [36m</button>[39m
                            [36m<button[39m
                              [33mclass[39m=[32m"btn-danger btn-sm"[39m
                            [36m>[39m
                              [0mDelete[0m
                            [36m</button>[39m
                          [36m</div>[39m
                        [36m</td>[39m
                      [36m</tr>[39m
                    [36m</tbody>[39m
                  [36m</table>[39m
                [36m</div>[39m
              [36m</div>[39m
            [36m</main>[39m
            [36m<footer[39m
              [33mclass[39m=[32m"page-footer"[39m
            [36m>[39m
              [0m© [0m
              [0m2026[0m
              [0m Library Management System[0m
            [36m</footer>[39m
          [36m</div>[39m
        [36m</div>[39m
      [36m</body>[39m
    [36m</html>[39m

      54 |     await waitFor(() => {
      55 |       expect(api.returnBook).toHaveBeenCalledWith(1);
    > 56 |       expect(toast.success).toHaveBeenCalledWith('Book returned successfully. No fine applied.');
         |                             ^
      57 |     });
      58 |   });
      59 | });

      at toHaveBeenCalledWith (__tests__/pages/issue.test.js:56:29)
      at runWithExpensiveErrorDiagnosticsDisabled (node_modules/.pnpm/@testing-library+dom@10.4.1/node_modules/@testing-library/dom/dist/config.js:47:12)
      at checkCallback (node_modules/.pnpm/@testing-library+dom@10.4.1/node_modules/@testing-library/dom/dist/wait-for.js:124:77)
      at checkRealTimersCallback (node_modules/.pnpm/@testing-library+dom@10.4.1/node_modules/@testing-library/dom/dist/wait-for.js:118:16)
      at Timeout.task [as _onTimeout] (node_modules/.pnpm/jsdom@26.1.0/node_modules/jsdom/lib/jsdom/browser/Window.js:579:19)

Test Suites: 5 failed, 1 passed, 6 total
Tests:       5 failed, 6 passed, 11 total
Snapshots:   0 total
Time:        2.792 s, estimated 5 s
Ran all test suites.
 ELIFECYCLE  Test failed. See above for more details.
